Microsoft Windows [Version 10.0.16299.492]
(c) 2017 Microsoft Corporation. All rights reserved.

D:\work\project\oanh>git status
On branch master
Your branch is up to date with 'origin/master'.

Changes not staged for commit:
  (use "git add <file>..." to update what will be committed)
  (use "git checkout -- <file>..." to discard changes in working directory)

        modified:   README.md

Untracked files:
  (use "git add <file>..." to include in what will be committed)

        abc.txt

no changes added to commit (use "git add" and/or "git commit -a")

D:\work\project\oanh>git add .

D:\work\project\oanh>git add abc.txt

D:\work\project\oanh>git README.md
git: 'README.md' is not a git command. See 'git --help'.

D:\work\project\oanh>git add README.md

D:\work\project\oanh>git add "abc.txt"

D:\work\project\oanh>git commit -m "them file abc"

*** Please tell me who you are.

Run

  git config --global user.email "you@example.com"
  git config --global user.name "Your Name"

to set your account's default identity.
Omit --global to set the identity only in this repository.

fatal: unable to auto-detect email address (got 'Khuong Oanh@DESKTOP-NKD4MBV.(none)')

D:\work\project\oanh> git config --global user.email "khuongoanh96@gmail.com"

D:\work\project\oanh> git config --global user.email "OanhKT"

D:\work\project\oanh>git commit -m"them file abc"
[master 6db98cd] them file abc
 2 files changed, 3 insertions(+)
 create mode 100644 abc.txt

D:\work\project\oanh>git pull origin master
From https://github.com/koanh1996/oanh
 * branch            master     -> FETCH_HEAD
Already up to date.

D:\work\project\oanh>git push origin master
Enumerating objects: 6, done.
Counting objects: 100% (6/6), done.
Delta compression using up to 4 threads.
Compressing objects: 100% (2/2), done.
Writing objects: 100% (4/4), 310 bytes | 310.00 KiB/s, done.
Total 4 (delta 0), reused 0 (delta 0)
To https://github.com/koanh1996/oanh.git
   b76a6ea..6db98cd  master -> master

D:\work\project\oanh>